MY_NRF24.c:53:6:NRF24_DelayMicroSeconds	24	static
MY_NRF24.c:61:6:NRF24_csn	16	static
MY_NRF24.c:67:6:NRF24_ce	16	static
MY_NRF24.c:73:9:NRF24_read_register	24	static
MY_NRF24.c:90:6:NRF24_read_registerN	24	static
MY_NRF24.c:105:6:NRF24_write_register	24	static
MY_NRF24.c:118:6:NRF24_write_registerN	24	static
MY_NRF24.c:131:6:NRF24_write_payload	24	static
MY_NRF24.c:144:6:NRF24_read_payload	24	static
MY_NRF24.c:158:6:NRF24_flush_tx	8	static
MY_NRF24.c:163:6:NRF24_flush_rx	8	static
MY_NRF24.c:168:9:NRF24_get_status	16	static
MY_NRF24.c:176:6:NRF24_begin	24	static
MY_NRF24.c:249:6:NRF24_startListening	16	static
MY_NRF24.c:266:6:NRF24_stopListening	8	static
MY_NRF24.c:273:6:NRF24_write	32	static
MY_NRF24.c:309:6:NRF24_available	8	static
MY_NRF24.c:314:6:NRF24_read	24	static
MY_NRF24.c:323:6:NRF24_openWritingPipe	24	static
MY_NRF24.c:332:6:NRF24_openReadingPipe	32	static
MY_NRF24.c:356:6:NRF24_setRetries	16	static
MY_NRF24.c:362:6:NRF24_setChannel	24	static
MY_NRF24.c:368:6:NRF24_setPayloadSize	24	static
MY_NRF24.c:374:9:NRF24_getPayloadSize	4	static
MY_NRF24.c:379:9:NRF24_getDynamicPayloadSize	8	static
MY_NRF24.c:384:6:NRF24_enableAckPayload	8	static
MY_NRF24.c:397:6:NRF24_enableDynamicPayloads	8	static
MY_NRF24.c:411:6:NRF24_disableDynamicPayloads	8	static
MY_NRF24.c:419:6:NRF24_isNRF_Plus	4	static
MY_NRF24.c:424:6:NRF24_setAutoAck	16	static
MY_NRF24.c:432:6:NRF24_setAutoAckPipe	24	static
MY_NRF24.c:449:6:NRF24_setPALevel	24	static
MY_NRF24.c:480:15:NRF24_getPALevel	16	static
MY_NRF24.c:506:6:NRF24_setDataRate	24	static
MY_NRF24.c:551:17:NRF24_getDataRate	16	static
MY_NRF24.c:576:6:NRF24_setCRCLength	24	static
MY_NRF24.c:597:18:NRF24_getCRCLength	16	static
MY_NRF24.c:613:6:NRF24_disableCRC	16	static
MY_NRF24.c:619:6:NRF24_powerUp	8	static
MY_NRF24.c:624:6:NRF24_powerDown	8	static
MY_NRF24.c:629:6:NRF24_availablePipe	24	static
MY_NRF24.c:653:6:NRF24_startWrite	16	static
MY_NRF24.c:668:6:NRF24_writeAckPayload	24	static
MY_NRF24.c:679:6:NRF24_isAckPayloadAvailable	16	static
MY_NRF24.c:686:6:NRF24_whatHappened	32	static
MY_NRF24.c:697:6:NRF24_testCarrier	8	static
MY_NRF24.c:702:6:NRF24_testRPD	8	static
MY_NRF24.c:708:6:NRF24_resetStatus	8	static
MY_NRF24.c:714:6:NRF24_ACTIVATE_cmd	16	static
MY_NRF24.c:725:9:NRF24_GetAckPayloadSize	4	static
MY_NRF24.c:730:6:printRadioSettings	152	static
MY_NRF24.c:857:6:printStatusReg	136	static
MY_NRF24.c:873:6:printConfigReg	120	static
MY_NRF24.c:891:6:nrf24_DebugUART_Init	12	static
MY_NRF24.c:896:6:printFIFOstatus	128	static
MY_NRF24.c:919:6:setStatLed	8	static
MY_NRF24.c:924:6:resetStatLed	8	static
MY_NRF24.c:929:6:DMA_aInit	8	static
MY_NRF24.c:945:9:batPercentage	16	static
MY_NRF24.c:966:10:filter	16	static
